// Jest Snapshot v1, https://goo.gl/fbAQLP

exports[`InternalModule health should have fields 1`] = `
Object {
  "data": Object {},
}
`;
